// Jest Snapshot v1, https://goo.gl/fbAQLP

exports[`Should Card to match snapshot 1`] = `
<div
  className="card"
>
  <div
    className="card__image"
  >
    <img
      alt="Card Thumbnail"
      src="https://source.unsplash.com/413x309"
    />
    <span
      className="card__title"
    >
      Card Title
    </span>
  </div>
  <div
    className="card__content"
  >
    <p>
      I am a very simple card. I am good at containing small bits of information. I am convenient because I require little markup to use effectively.
    </p>
  </div>
  <div
    className="card__action"
  >
    <a
      className="card__link"
      href="#"
    >
      This is a link
    </a>
  </div>
</div>
`;
